(library
 (name mylib)
 (libraries base lwt stdio unix)
 (modules mylib))

(executable
 (name main)
 (libraries base stdio yojson)
 (modules main))

(test
 (name test_runner)
 (libraries base mylib ounit2)
 (modules test_runner))