(library
 (synopsis "My awesome library")
 (public_name mylib)
 (name mylib)
 (libraries base lwt stdio)
 (modules mylib utils helper)
 (preprocess
  (pps ppx_deriving.show)))